// Jest Snapshot v1, https://goo.gl/fbAQLP

exports[`App Component should correct rendered. 1`] = `
Array [
  <input
    className="sc-bxivhb kYjmzu"
    onChange={[Function]}
    placeholder="Search"
    value=""
  />,
  <ul
    className="sc-htpNat jClnHm"
  >
    <li
      className="sc-bwzfXH gOqXhy"
    >
      🕷 👦🏻
       
      <span
        className="sc-bdVaJa KPDKR"
      >
        Spider Man
      </span>
    </li>
    <li
      className="sc-bwzfXH gOqXhy"
    >
      ❄️ 👗
       
      <span
        className="sc-bdVaJa KPDKR"
      >
        Frozen
      </span>
    </li>
    <li
      className="sc-bwzfXH gOqXhy"
    >
      🚘 🚘 🚘
       
      <span
        className="sc-bdVaJa KPDKR"
      >
        Cars 3
      </span>
    </li>
    <li
      className="sc-bwzfXH gOqXhy"
    >
      👦🏻 👓 ⚡️
       
      <span
        className="sc-bdVaJa KPDKR"
      >
        Harry Potter
      </span>
    </li>
  </ul>,
]
`;

exports[`App Component should render a only Cars 3 1`] = `
<App>
  <styled.input
    key="input"
    onChange={[Function]}
    placeholder="Search"
    value="Cars"
  >
    <input
      className="sc-bxivhb kYjmzu"
      onChange={[Function]}
      placeholder="Search"
      value="Cars"
    />
  </styled.input>
  <Styled(MoiveList)
    key="moiveList"
    moives={
      Array [
        Object {
          "emoji": "🚘 🚘 🚘",
          "name": "Cars 3",
        },
      ]
    }
  >
    <MoiveList
      className="sc-htpNat jClnHm"
      moives={
        Array [
          Object {
            "emoji": "🚘 🚘 🚘",
            "name": "Cars 3",
          },
        ]
      }
    >
      <ul
        className="sc-htpNat jClnHm"
      >
        <Styled(MoiveItem)
          emoji="🚘 🚘 🚘"
          key="Cars 3"
          name="Cars 3"
        >
          <MoiveItem
            className="sc-bwzfXH gOqXhy"
            emoji="🚘 🚘 🚘"
            name="Cars 3"
          >
            <li
              className="sc-bwzfXH gOqXhy"
            >
              🚘 🚘 🚘
               
              <styled.span>
                <span
                  className="sc-bdVaJa KPDKR"
                >
                  Cars 3
                </span>
              </styled.span>
            </li>
          </MoiveItem>
        </Styled(MoiveItem)>
      </ul>
    </MoiveList>
  </Styled(MoiveList)>
</App>
`;

exports[`App Component should return a list of movies 1`] = `
Array [
  Object {
    "emoji": "🕷 👦🏻",
    "name": "Spider Man",
  },
  Object {
    "emoji": "❄️ 👗",
    "name": "Frozen",
  },
  Object {
    "emoji": "🚘 🚘 🚘",
    "name": "Cars 3",
  },
  Object {
    "emoji": "👦🏻 👓 ⚡️",
    "name": "Harry Potter",
  },
]
`;
