// Jest Snapshot v1, https://goo.gl/fbAQLP

exports[`App Component should correct rendered. 1`] = `
Array [
  <input
    className="sc-bxivhb xxaXh"
    onChange={[Function]}
    placeholder="Search"
    value=""
  />,
  <ul
    className="sc-htpNat flqtFs"
  >
    <li
      className="sc-bdVaJa kmQhNa"
    >
       
      🕷 👦🏻
       
      <span
        className="sc-bwzfXH hXzJNw"
      >
        Spider Man
      </span>
       
    </li>
    <li
      className="sc-bdVaJa kmQhNa"
    >
       
      ❄️ 👗
       
      <span
        className="sc-bwzfXH hXzJNw"
      >
        Frozen
      </span>
       
    </li>
    <li
      className="sc-bdVaJa kmQhNa"
    >
       
      🚘 🚘 🚘
       
      <span
        className="sc-bwzfXH hXzJNw"
      >
        Cars 3
      </span>
       
    </li>
    <li
      className="sc-bdVaJa kmQhNa"
    >
       
      👦🏻 👓 ⚡️
       
      <span
        className="sc-bwzfXH hXzJNw"
      >
        Harry Potter
      </span>
       
    </li>
  </ul>,
]
`;

exports[`App Component should render a only Cars 3 1`] = `
<App>
  <styled.input
    key="input"
    onChange={[Function]}
    placeholder="Search"
    value="Cars"
  >
    <input
      className="sc-bxivhb xxaXh"
      onChange={[Function]}
      placeholder="Search"
      value="Cars"
    />
  </styled.input>
  <MoiveList
    key="moiveList"
    moives={
      Array [
        Object {
          "emoji": "🚘 🚘 🚘",
          "name": "Cars 3",
        },
      ]
    }
  >
    <styled.ul>
      <ul
        className="sc-htpNat flqtFs"
      >
        <MoiveItem
          emoji="🚘 🚘 🚘"
          key="Cars 3"
          name="Cars 3"
        >
          <styled.li>
            <li
              className="sc-bdVaJa kmQhNa"
            >
               
              🚘 🚘 🚘
               
              <styled.span>
                <span
                  className="sc-bwzfXH hXzJNw"
                >
                  Cars 3
                </span>
              </styled.span>
               
            </li>
          </styled.li>
        </MoiveItem>
      </ul>
    </styled.ul>
  </MoiveList>
</App>
`;

exports[`App Component should return a list of moives 1`] = `
Array [
  Object {
    "emoji": "🕷 👦🏻",
    "name": "Spider Man",
  },
  Object {
    "emoji": "❄️ 👗",
    "name": "Frozen",
  },
  Object {
    "emoji": "🚘 🚘 🚘",
    "name": "Cars 3",
  },
  Object {
    "emoji": "👦🏻 👓 ⚡️",
    "name": "Harry Potter",
  },
]
`;
